../Core/Src/main.c:104:6:microDelay	16	static
../Core/Src/main.c:109:6:DisplayDigit	24	static
../Core/Src/main.c:131:7:DisplayNumber	24	static
../Core/Src/main.c:151:5:main	160	static
../Core/Src/main.c:244:6:SystemClock_Config	72	static
../Core/Src/main.c:284:13:MX_TIM1_Init	32	static
../Core/Src/main.c:330:13:MX_USART1_UART_Init	8	static
../Core/Src/main.c:363:13:MX_GPIO_Init	40	static
../Core/Src/main.c:418:10:DHT22_Start	40	static
../Core/Src/main.c:415:6:RunTask1	24	static
../Core/Src/main.c:449:10:DHT22_Read	24	static
../Core/Src/main.c:514:6:RunTask2	16	static
../Core/Src/main.c:542:6:RunTask3	24	static
../Core/Src/main.c:565:6:RunTask4	16	static
../Core/Src/main.c:586:6:RunTask5	24	static
../Core/Src/main.c:607:6:Error_Handler	4	static,ignoring_inline_asm
