../Core/Src/main.c:137:6:microDelay	16	static
../Core/Src/main.c:142:6:DisplayDigit	24	static
../Core/Src/main.c:164:7:DisplayNumber	24	static
../Core/Src/main.c:184:5:main	8	static
../Core/Src/main.c:280:6:SystemClock_Config	72	static
../Core/Src/main.c:317:13:MX_TIM1_Init	32	static
../Core/Src/main.c:363:13:MX_USART1_UART_Init	8	static
../Core/Src/main.c:396:13:MX_GPIO_Init	40	static
../Core/Src/main.c:451:10:DHT22_Start	40	static
../Core/Src/main.c:448:6:StartDefaultTask	24	static
../Core/Src/main.c:482:11:DHT22_Read	24	static
../Core/Src/main.c:548:6:StartTask02	16	static
../Core/Src/main.c:575:6:StartTask03	24	static
../Core/Src/main.c:601:6:StartTask04	16	static
../Core/Src/main.c:618:6:StartTask05	16	static
../Core/Src/main.c:632:6:Error_Handler	4	static,ignoring_inline_asm
